package com.test;

import org.openlegacy.annotations.screen.*;
import org.openlegacy.terminal.actions.TerminalActions;
import org.openlegacy.terminal.actions.TerminalAction.AdditionalKey;

@ScreenEntity()
@ScreenIdentifiers(identifiers = { 
				@Identifier(row = 1, column = 25, value = "Copy From PC Document (CPYFRMPCD)     "), 
				@Identifier(row = 5, column = 2, value = "From folder  . . . . . . . . . ."), 
				@Identifier(row = 7, column = 2, value = "To file  . . . . . . . . . . . .") 
				})
@ScreenActions(actions = { 
				@Action(action = TerminalActions.F3.class, displayName = "Exit", alias = "exit"), 
				@Action(action = TerminalActions.F4.class, displayName = "Prompt", alias = "prompt"), 
				@Action(action = TerminalActions.F5.class, displayName = "Refresh", alias = "refresh"), 
				@Action(action = TerminalActions.F12.class, displayName = "Cancel", alias = "cancel"), 
				@Action(action = TerminalActions.F1.class ,additionalKey= AdditionalKey.SHIFT, displayName = "How to use this display", alias = "howToUseThisDisplay") 
				})
@ScreenNavigation(accessedFrom = IbmIAccessTasks.class 
					, assignedFields = { 
					@AssignedField(field = "menuSelection", value = "1")
					 }						
					)
public class CopyFromPcDocumentcpyfrmpcd {
    
	
	@ScreenField(row = 5, column = 37, endColumn= 80 ,labelColumn= 2 ,editable= true ,displayName = "From folder")
    private String fromFolder;
	
	@ScreenField(row = 7, column = 37, endColumn= 46 ,labelColumn= 2 ,editable= true ,displayName = "To file", helpText = "Name")
    private String toFile;
	
	@ScreenField(row = 8, column = 39, endColumn= 48 ,labelColumn= 2 ,editable= true ,displayName = "Library", sampleValue = "*LIBL", helpText = "Name, *LIBL, *CURLIB")
    private String library1;
	
	@ScreenField(row = 9, column = 37, endColumn= 48 ,labelColumn= 2 ,editable= true ,displayName = "From document", helpText = "Name")
    private String fromDocument;
	
	@ScreenField(row = 10, column = 37, endColumn= 46 ,labelColumn= 2 ,editable= true ,displayName = "To member", sampleValue = "*FIRST", helpText = "Name, *FIRST, *FROMDOC")
    private String toMember;
	
	@ScreenField(row = 11, column = 37, endColumn= 44 ,labelColumn= 2 ,editable= true ,displayName = "Replace or add records", sampleValue = "*REPLACE", helpText = "*REPLACE, *ADD")
    private String replaceOrAddRecords;
	
	@ScreenField(row = 12, column = 37, endColumn= 46 ,labelColumn= 2 ,editable= true ,displayName = "Translate table", sampleValue = "*DFT", helpText = "Name, *DFT, *NONE")
    private String translateTable;
	
	@ScreenField(row = 13, column = 39, endColumn= 48 ,labelColumn= 2 ,editable= true ,displayName = "Library", helpText = "Name, *LIBL, *CURLIB")
    private String library;
	
	@ScreenField(row = 14, column = 37, endColumn= 43 ,labelColumn= 2 ,editable= true ,displayName = "Format of PC data", sampleValue = "*TEXT", helpText = "*TEXT, *NOTEXT")
    private String formatOfPcData;
	
	@ScreenField(row = 15, column = 37, endColumn= 41 ,labelColumn= 2 ,editable= true ,displayName = "DBCS code page", sampleValue = "*DFT")
    private String dbcsCodePage;
	
	@ScreenField(row = 16, column = 37, endColumn= 40 ,labelColumn= 2 ,editable= true ,displayName = "Insert DBCS SO/SI", sampleValue = "*YES")
    private String insertDbcsSosi;

    


 
}