<pcml version="4.0">
<struct name="param1_structure">
<data length="2" name="child1" type="char" usage="input"/>
<data length="2" name="child2" type="char" usage="inputoutput"/>
</struct>
<program name="cobol_structure" path="/QSYS.LIB/RMR2L1.LIB/ROICBL2.PGM">
<data name="param1" struct="param1_structure" type="struct" usage="inputoutput"/>
</program>
</pcml>