<jsp:root xmlns:jsp="http://java.sun.com/JSP/Page"
	xmlns:ol="urn:jsptagdir:/WEB-INF/tags/web" 
	version="2.0">
	<jsp:directive.page contentType="text/html;charset=UTF-8" pageEncoding="UTF-8" /> 
	<jsp:output omit-xml-declaration="yes" /> 

	<ol:form model="itemDetails1">
			<ol:pagePart>
				<ol:row columns="1">
	 				<ol:field name="itemNumber" />
				</ol:row>
				<ol:row columns="1">
	 				<ol:field name="itemDescription" />
				</ol:row>
			</ol:pagePart>
			<ol:pagePart>
				<ol:row columns="1">
	 				<ol:field name="supercedingItemTo" />
				</ol:row>
				<ol:row columns="1">
	 				<ol:field name="supercedingItemFrom" />
				</ol:row>
			</ol:pagePart>
			<ol:pagePart>
				<ol:row columns="1">
	 				<ol:field name="itemWeight" />
				</ol:row>
				<ol:row columns="1">
	 				<ol:field name="itemClass" />
				</ol:row>
				<ol:row columns="1">
	 				<ol:field name="stockGroup" />
				</ol:row>
			</ol:pagePart>
			<ol:pagePart>
				<ol:row columns="1">
	 				<ol:field name="packagingMultipler" />
				</ol:row>
				<ol:row columns="1">
	 				<ol:field name="outerUnitOfMeasure" />
				</ol:row>
			</ol:pagePart>
			<ol:pagePart>
				<ol:field name="palletLabelRequired" />
			</ol:pagePart>
		
	</ol:form>
</jsp:root>