<h4>Screen For Page</h4>
<div class="row">
	<form class="form-horizontal" accept-charset="utf-8">
		<div class="span8">
			<div class="control-group">
				<label for="fldCol12" class="control-label">Fld Col12:</label>
				<div class="controls">
					<input type="text" id="fldCol12" ng-model="model.fldCol12">
				</div>
			</div>
			<div class="control-group">
				<label for="fld2Col12" class="control-label">Fld2Col12:</label>
				<div class="controls">
					<input type="text" id="fld2Col12" ng-model="model.fld2Col12">
				</div>
			</div>
			<div class="control-group">
				<label for="fld3Col12" class="control-label">Fld3Col12:</label>
				<div class="controls">
					<input type="text" id="fld3Col12" ng-model="model.fld3Col12">
				</div>
			</div>
			<div class="control-group">
				<label for="fldRow10" class="control-label">Fld Row10:</label>
				<div class="controls">
					<input type="text" id="fldRow10" ng-model="model.fldRow10">
				</div>
			</div>
			<div class="control-group">
				<label for="fld2Row10" class="control-label">Fld2Row10:</label>
				<div class="controls">
					<input type="text" id="fld2Row10" ng-model="model.fld2Row10">
				</div>
			</div>
			<div class="control-group">
				<label for="orphanFld" class="control-label">Orphan Fld:</label>
				<div class="controls">
					<input type="text" id="orphanFld" ng-model="model.orphanFld">
				</div>
			</div>
		</div>
			<div class="span8">
			<div class="control-group">
				<label for="fldCol12" class="control-label">Fld Col12:</label>
				<div class="controls">
					<input type="text" id="fldCol12" ng-model="model.fldCol12">
				</div>
			</div>
			</div>
			<div class="span8">
			<div class="control-group">
				<label for="fld2Col12" class="control-label">Fld2Col12:</label>
				<div class="controls">
					<input type="text" id="fld2Col12" ng-model="model.fld2Col12">
				</div>
			</div>
			</div>
			<div class="span8">
			<div class="control-group">
				<label for="fld3Col12" class="control-label">Fld3Col12:</label>
				<div class="controls">
					<input type="text" id="fld3Col12" ng-model="model.fld3Col12">
				</div>
			</div>
			</div>
			<div class="span8">
			<div class="control-group">
				<label for="fldRow10" class="control-label">Fld Row10:</label>
				<div class="controls">
					<input type="text" id="fldRow10" ng-model="model.fldRow10">
				</div>
			</div>
			<div class="control-group">
				<label for="fld2Row10" class="control-label">Fld2Row10:</label>
				<div class="controls">
					<input type="text" id="fld2Row10" ng-model="model.fld2Row10">
				</div>
			</div>
			</div>
			<div class="span8">
			<div class="control-group">
				<label for="orphanFld" class="control-label">Orphan Fld:</label>
				<div class="controls">
					<input type="text" id="orphanFld" ng-model="model.orphanFld">
				</div>
			</div>
			</div>
			<div class="span8">
			<div class="control-group">
				<label for="screenForPagePart.fldRow20" class="control-label">Fld Row20:</label>
				<div class="controls">
					<input type="text" id="screenForPagePart.fldRow20" ng-model="model.screenForPagePart.fldRow20">
				</div>
			</div>
			<div class="control-group">
				<label for="screenForPagePart.fld2Row20" class="control-label">Fld2Row20:</label>
				<div class="controls">
					<input type="text" id="screenForPagePart.fld2Row20" ng-model="model.screenForPagePart.fld2Row20">
				</div>
			</div>
			</div>
			<div class="table span12">
				<table>
					<thead>
						<tr>
							<th>Action</th>
							<th>Column1</th>
							<th>Column2</th>
						</tr>
					</thead>
					<tr data-ng-repeat="screenForPageRow in model.screenForPageRows">
						<td>{{screenForPageRow.action}}</td>
						<td>{{screenForPageRow.column1}}</td>
						<td>{{screenForPageRow.column2}}</td>
					</tr>
		  		</table>
	  		</div>		
			<button data-ng-click="help()" class="btn btn-small btn-primary">Help</button>
			<button data-ng-click="exit()" class="btn btn-small btn-primary">Exit</button>
	</form>
</div>
