package org.openlegacy.designtime.terminal.generators.mock.web;

import org.springframework.stereotype.Controller;
import org.springframework.web.bind.annotation.RequestMapping;

/**
 * Handles requests for screen ScreenForPage
 */
@Controller
@RequestMapping("/ScreenForPage")
public class ScreenForPageController {

	// actions are generated within ScreenForPageController_Aspect.aj	
}
