    2 4 6 8 0 2 4 6 8 0 2 4 6 8 0 2 4 6 8 0 2 4 6 8 0 2 4 6 8 0 2 4 6 8 0 2 4 6 8 0
            1 1 1 1 1 2 2 2 2 2 3 3 3 3 3 4 4 4 4 4 5 5 5 5 5 6 6 6 6 6 7 7 7 7 7 8
___________________________________________________________________________________
1 |                     ^             Sign On             ^                        |
2 |                                              ^System  . . . . . :^ ^S1051C6E^  |
3 |                                              ^Subsystem . . . . :^ ^QINTER    ^|
4 |                                              ^Display . . . . . :^ ^QPADEV0001^|
5 |                                                                                |
6 |               ^User  . . . . . . . . . . . . . .^ [          ]                 |
7 |               ^Password  . . . . . . . . . . . .^ [          ]                 |
8 |               ^Program/procedure . . . . . . . .^ [          ]                 |
9 |               ^Menu  . . . . . . . . . . . . . .^ [          ]                 |
10|               ^Current library . . . . . . . . .^ [          ]                 |
11|                                                                               ^|
12|WARNING:  THIS IS A LICENSED SERVICE AVAILABLE ONLY TO SUBSCRIBERS OF THE^     ^|
13|TIMESHARE400 SERVICE.  UNAUTHORIZED ACCESS IS STRICTLY PROHIBITED.  BY^        ^|
14|ACCESSING THIS SERVICE YOU AGREE TO THE TERMS AND CONDITIONS OF THE SUBSCRIBER^^|
15|AGREEMENT POSTED AT HTTP://WWW.TIMESHARE400.COM/SUBAGREE.HTM.        ^          |
16|                                                                                |
17|   ^** WELCOME TO THE IBM I5 MODEL 520 SERVER RUNNING V7R1! GOOD LUCK **^       |
18|                                                                                |
19| ^*** V7R1 *** V7R1 *** V7R1 *** V7R1 *** V7R1 *** V7R1 *** V7R1 *** V7R1 ***^  |
20|                                                                                |
21|                                                                                |
22|                                                                                |
23|                                                                                |
24|                                      ^ (C) COPYRIGHT IBM CORP. 1980, 2009.    ^|
___________________________________________________________________________________
    2 4 6 8 0 2 4 6 8 0 2 4 6 8 0 2 4 6 8 0 2 4 6 8 0 2 4 6 8 0 2 4 6 8 0 2 4 6 8 0
            1 1 1 1 1 2 2 2 2 2 3 3 3 3 3 4 4 4 4 4 5 5 5 5 5 6 6 6 6 6 7 7 7 7 7 8
___________________________________________________________________________________

