package com.test;

import org.openlegacy.annotations.screen.*;
import org.openlegacy.modules.menu.Menu.MenuEntity;  
import org.openlegacy.modules.menu.Menu.MenuSelectionField;  

@ScreenEntity(screenType=MenuEntity.class)
@ScreenIdentifiers(identifiers = { 
				@Identifier(row = 1, column = 40, value = "Main Menu Screen") 
				})
public class MainMenuScreen {
    
	@ScreenField(row = 8, column = 18 ,editable= true ,fieldType=MenuSelectionField.class ,displayName = "Menu Selection")
    private String menuSelection;

    


 
}
