package com.test;

import org.openlegacy.annotations.screen.*;
import org.openlegacy.modules.menu.Menu.MenuEntity;  
import org.openlegacy.modules.menu.Menu.MenuSelectionField;  

@ScreenEntity(screenType=MenuEntity.class,displayName="מסך תפריט")
@ScreenIdentifiers(identifiers = { 
				@Identifier(row = 1, column = 40, value = "מסך תפריט") 
				})
public class MscTprit {
    
	
	@ScreenField(row = 10, column = 40, endColumn= 41 ,editable= true ,fieldType=MenuSelectionField.class ,displayName = "Menu Selection")
    private String menuSelection;

    


 
}
