package com.test;

import org.openlegacy.annotations.screen.*;
import java.util.List;
import org.openlegacy.annotations.screen.ScreenTable;

@ScreenEntity(window=true)
@ScreenIdentifiers(identifiers = { 
				@Identifier(row = 4, column = 4, value = "  מדד"), 
				@Identifier(row = 4, column = 6, value = "מדד"), 
				@Identifier(row = 4, column = 44, value = "מס.קופה:") 
				})
public class Mdd {
    

    
    private List<MddRecord> mddRecords;


	@ScreenTable(startRow = 6, endRow = 15)
	public static class MddRecord {
		@ScreenColumn(startColumn = 4, endColumn = 9, key=true ,displayName = "Column1", sampleValue="81.06")
		private Double column1;
		
		@ScreenColumn(startColumn = 11, endColumn = 26, mainDisplayField=true ,displayName = "Scom saroc", sampleValue="509,342,968,075")
		private String scomSaroc;
		
		@ScreenColumn(startColumn = 28, endColumn = 46 ,displayName = "Column3", sampleValue="קופת שוק")
		private String column3;
		
		@ScreenColumn(startColumn = 48, endColumn = 56 ,displayName = "Column4", sampleValue="100")
		private Integer column4;
		
		@ScreenColumn(startColumn = 58, endColumn = 58, editable=true ,displayName = "Column5")
		private String column5;
		
	}    
 
}
