package com.test;

import org.openlegacy.annotations.screen.*;

@ScreenEntity()
@ScreenIdentifiers(identifiers = { 
				@Identifier(row = 1, column = 40, value = "מסך בעברית"), 
				@Identifier(row = 4, column = 23, value = "שדה א:"), 
				@Identifier(row = 5, column = 20, value = "שדה ב:") 
				})
public class MscBabrit {
    
	
	@ScreenField(row = 4, column = 13, endColumn= 18 ,labelColumn= 23 ,editable= true ,displayName = "Sde a", sampleValue = "אבגד")
    private String sdeA;
	
	@ScreenField(row = 5, column = 13, endColumn= 18 ,labelColumn= 20 ,displayName = "Sde b", sampleValue = "בגדה")
    private String sdeB;

    


 
}
