package com.test;

import org.openlegacy.annotations.screen.*;
import org.openlegacy.terminal.actions.TerminalActions;
import org.openlegacy.terminal.actions.TerminalAction.AdditionalKey;

@ScreenEntity()
@ScreenIdentifiers(identifiers = { 
				@Identifier(row = 2, column = 30, value = "Work with Item Master     "), 
				@Identifier(row = 4, column = 2, value = "Type choices, press Enter."), 
				@Identifier(row = 6, column = 2, value = "Item Number . . . . . . . . .") 
				})
@ScreenActions(actions = { 
				@Action(action = TerminalActions.F1.class, displayName = "Help", alias = "help"), 
				@Action(action = TerminalActions.F4.class, displayName = "Prompt", alias = "prompt"), 
				@Action(action = TerminalActions.F12.class, displayName = "Cancel", alias = "cancel"), 
				@Action(action = TerminalActions.F2.class ,additionalKey= AdditionalKey.SHIFT, displayName = "Delete", alias = "delete") 
				})
@ScreenNavigation(accessedFrom = WorkWithItemMaster.class 
					, terminalAction=TerminalActions.ENTER.class 
)
public class WorkWithItemMaster1 {
    
	
	@ScreenField(key = true, row = 6, column = 33, endColumn= 47 ,labelColumn= 2 ,displayName = "Item Number", sampleValue = "2000")
    private Integer itemNumber;
	
	@ScreenField(row = 7, column = 33, endColumn= 72 ,labelColumn= 2 ,editable= true ,displayName = "Item Description", sampleValue = "Tomato - VEG")
    private String itemDescription;
	
	@ScreenField(row = 8, column = 33, endColumn= 42 ,labelColumn= 2 ,editable= true ,displayName = "Alpha Search", sampleValue = "TOMATO")
    private String alphaSearch;
	
	@ScreenField(row = 9, column = 33, endColumn= 47 ,labelColumn= 2 ,editable= true ,displayName = "Superceding item To")
    private String supercedingItemto;
	
	@ScreenField(row = 10, column = 33, endColumn= 47 ,labelColumn= 2 ,editable= true ,displayName = "Superceding Item From")
    private String supercedingItemfrom;
	
	@ScreenField(row = 11, column = 33, endColumn= 47 ,labelColumn= 2 ,editable= true ,displayName = "Substitute item number")
    private String substituteItemNumber;
	
	@ScreenField(row = 12, column = 33, endColumn= 47 ,labelColumn= 2 ,editable= true ,displayName = "Manufacturers Item No")
    private String manufacturersItemNo;
	
	@ScreenField(row = 13, column = 33, endColumn= 47 ,labelColumn= 2 ,editable= true ,displayName = "Item weight")
    private Integer itemWeight;
	
	@ScreenField(row = 14, column = 33, endColumn= 35 ,labelColumn= 2 ,editable= true ,displayName = "Item Class", sampleValue = "VEG", helpText = "Vegetables")
    private String itemClass;
	
	@ScreenField(row = 15, column = 33, endColumn= 35 ,labelColumn= 2 ,editable= true ,displayName = "Stock Group", sampleValue = "SG", helpText = "Generic stock group")
    private String stockGroup;
	
	@ScreenField(row = 16, column = 33, endColumn= 37 ,labelColumn= 2 ,editable= true ,displayName = "Unit of Measure")
    private String unitOfMeasure;
	
	@ScreenField(row = 17, column = 33, endColumn= 38 ,labelColumn= 2 ,editable= true ,displayName = "Packing Multiplier")
    private Integer packingMultiplier;
	
	@ScreenField(row = 18, column = 33, endColumn= 37 ,labelColumn= 2 ,editable= true ,displayName = "Outer Unit of Measure")
    private String outerUnitOfMeasure;
	
	@ScreenField(row = 19, column = 33, endColumn= 42 ,labelColumn= 2 ,editable= true ,displayName = "Outer Quantity")
    private Integer outerQuantity;
	
	@ScreenField(row = 20, column = 33, endColumn= 33 ,labelColumn= 2 ,editable= true ,displayName = "Pallet label required")
    private String palletLabelRequired;
	
	@ScreenField(row = 21, column = 33, endColumn= 34 ,labelColumn= 2 ,editable= true ,displayName = "VAT Code")
    private String vatCode;

    private WorkWithItemMaster2 workWithItemMaster2;
    


 
}