package com.test;

import org.openlegacy.annotations.screen.*;
import org.openlegacy.modules.menu.Menu.MenuEntity;  
import org.openlegacy.modules.menu.Menu.MenuSelectionField;  

@ScreenEntity(screenType=MenuEntity.class)
@ScreenIdentifiers(identifiers = { 
				@Identifier(row = 1, column = 4, value = "ZZ30802") 
				})
public class PolicyProcessingTestEnvironment {
    
	
	@ScreenField(row = 2, column = 75, endColumn= 77 ,labelColumn= 63 ,displayName = "Working in", sampleValue = "ABC")
    private String workingIn;
	
	@ScreenField(row = 24, column = 15, endColumn= 16 ,editable= true ,fieldType=MenuSelectionField.class ,displayName = "Menu Selection", helpText = "Option")
    private String menuSelection;


    


 
}