package com.test;

import java.math.BigInteger;
import java.util.List;

import org.openlegacy.annotations.rpc.*;
import org.openlegacy.FieldType.*;
import org.openlegacy.rpc.RpcActions.*;

@RpcEntity(name="CobolFlat")
@RpcActions(actions = { 
				@Action(action = org.openlegacy.rpc.RpcActions.READ.class, path = "/QSYS.LIB/RMR2L1.LIB/FLATCBL.PGM", displayName = "READ", alias = "read") 
				})
public class CobolFlat {

		@RpcField(length = 2, direction = Direction.INPUT , originalName = "child1")
		private String child1;

		@RpcField(length = 2, direction = Direction.OUTPUT , originalName = "child2")
		private String child2;


}
