<?xml version="1.0" encoding="UTF-8"?>
<simpleEntityWrapper>
    <entity xmlns:xsi="http://www.w3.org/2001/XMLSchema-instance"
        xmlns:java="http://java.sun.com" xsi:type="java:apps.inventory.screens.ItemsList">
        <positionTo></positionTo>
        <itemsListRowsActions length="8" sleep="0" defaultAction="false"
            global="false" xsi:type="java:org.openlegacy.terminal.definitions.SimpleTerminalActionDefinition">
            <position column="4" row="5" xsi:type="java:org.openlegacy.terminal.support.SimpleTerminalPosition"/>
            <when>2.*</when>
            <additionalKey>NONE</additionalKey>
            <actionName>EnterDrilldownAction</actionName>
            <displayName>Revise</displayName>
            <alias>revise</alias>
            <action macro="false" xsi:type="java:org.openlegacy.terminal.modules.table.TerminalDrilldownActions$EnterDrilldownAction">
                <actionValue xsi:type="java:java.lang.String">2</actionValue>
                <actionName>EnterDrilldownAction</actionName>
            </action>
        </itemsListRowsActions>
        <itemListRows xsi:type="java:apps.inventory.screens.ItemsList$ItemsListRow">
            <alphaSearch>APPLE</alphaSearch>
            <itemDescription>Red apple - FRT</itemDescription>
            <itemNumber>1007</itemNumber>
            <action></action>
            <itemCategory>FRT</itemCategory>
        </itemListRows>
        <itemListRows xsi:type="java:apps.inventory.screens.ItemsList$ItemsListRow">
            <alphaSearch>BANANA</alphaSearch>
            <itemDescription>Banana - FRT</itemDescription>
            <itemNumber>1008</itemNumber>
            <action></action>
            <itemCategory>FRT</itemCategory>
        </itemListRows>
        <itemListRows xsi:type="java:apps.inventory.screens.ItemsList$ItemsListRow">
            <alphaSearch>CARROT</alphaSearch>
            <itemDescription>Carrot - VEG</itemDescription>
            <itemNumber>1005</itemNumber>
            <action></action>
            <itemCategory>VEG</itemCategory>
        </itemListRows>
        <itemListRows xsi:type="java:apps.inventory.screens.ItemsList$ItemsListRow">
            <alphaSearch>CHICKEN</alphaSearch>
            <itemDescription>Chicken breast - MEAT</itemDescription>
            <itemNumber>1006</itemNumber>
            <action></action>
            <itemCategory>MEAT</itemCategory>
        </itemListRows>
        <itemListRows xsi:type="java:apps.inventory.screens.ItemsList$ItemsListRow">
            <alphaSearch>CUCUMBER</alphaSearch>
            <itemDescription>Cucumber - VEG</itemDescription>
            <itemNumber>1004</itemNumber>
            <action></action>
            <itemCategory>VEG</itemCategory>
        </itemListRows>
        <itemListRows xsi:type="java:apps.inventory.screens.ItemsList$ItemsListRow">
            <alphaSearch>EANS</alphaSearch>
            <itemDescription>Red beans - VEG</itemDescription>
            <itemNumber>1018</itemNumber>
            <action></action>
            <itemCategory>VEG</itemCategory>
        </itemListRows>
        <itemListRows xsi:type="java:apps.inventory.screens.ItemsList$ItemsListRow">
            <alphaSearch>FIG</alphaSearch>
            <itemDescription>Fresh fig - FRT</itemDescription>
            <itemNumber>1020</itemNumber>
            <action></action>
            <itemCategory>FRT</itemCategory>
        </itemListRows>
        <itemListRows xsi:type="java:apps.inventory.screens.ItemsList$ItemsListRow">
            <alphaSearch>GRAPE</alphaSearch>
            <itemDescription>White grapes - FRT</itemDescription>
            <itemNumber>1011</itemNumber>
            <action></action>
            <itemCategory>FRT</itemCategory>
        </itemListRows>
        <itemListRows xsi:type="java:apps.inventory.screens.ItemsList$ItemsListRow">
            <alphaSearch>HAMBURGER</alphaSearch>
            <itemDescription>Hamburger - MEAT</itemDescription>
            <itemNumber>1000</itemNumber>
            <action></action>
            <itemCategory>MEAT</itemCategory>
        </itemListRows>
        <itemListRows xsi:type="java:apps.inventory.screens.ItemsList$ItemsListRow">
            <alphaSearch>MELON</alphaSearch>
            <itemDescription>Yellow melon - FRT</itemDescription>
            <itemNumber>1016</itemNumber>
            <action></action>
            <itemCategory>FRT</itemCategory>
        </itemListRows>
        <itemListRows xsi:type="java:apps.inventory.screens.ItemsList$ItemsListRow">
            <alphaSearch>MUSHROOM</alphaSearch>
            <itemDescription>Champignon mushrooms - VEG</itemDescription>
            <itemNumber>1013</itemNumber>
            <action></action>
            <itemCategory>VEG</itemCategory>
        </itemListRows>
        <itemListRows xsi:type="java:apps.inventory.screens.ItemsList$ItemsListRow">
            <alphaSearch>OLIVE</alphaSearch>
            <itemDescription>Black olive - VEG</itemDescription>
            <itemNumber>1015</itemNumber>
            <action></action>
            <itemCategory>VEG</itemCategory>
        </itemListRows>
        <actions length="0" sleep="0" defaultAction="false"
            global="true" xsi:type="java:org.openlegacy.terminal.definitions.SimpleTerminalActionDefinition">
            <when>.*</when>
            <additionalKey>SHIFT</additionalKey>
            <type>GENERAL</type>
            <actionName>CombinedTerminalAction</actionName>
            <displayName>Number Seq</displayName>
            <alias>numberSeq</alias>
            <action macro="false" xsi:type="java:org.openlegacy.terminal.actions.CombinedTerminalAction">
                <additionalKey>SHIFT</additionalKey>
            </action>
        </actions>
    </entity>
    <entityName>ItemsList</entityName>
    <paths xmlns:xsi="http://www.w3.org/2001/XMLSchema-instance"
        xmlns:java="http://java.sun.com" requiresParameters="false"
        current="false" xsi:type="java:org.openlegacy.SimpleEntityDescriptor">
        <displayName>Main Menu</displayName>
        <entityName>MainMenu</entityName>
    </paths>
    <paths xmlns:xsi="http://www.w3.org/2001/XMLSchema-instance"
        xmlns:java="http://java.sun.com" requiresParameters="false"
        current="false" xsi:type="java:org.openlegacy.SimpleEntityDescriptor">
        <displayName>Inventory Management</displayName>
        <entityName>InventoryManagement</entityName>
    </paths>
    <paths xmlns:xsi="http://www.w3.org/2001/XMLSchema-instance"
        xmlns:java="http://java.sun.com" requiresParameters="false"
        current="true" xsi:type="java:org.openlegacy.SimpleEntityDescriptor">
        <displayName>Items List</displayName>
        <entityName>ItemsList</entityName>
    </paths>
</simpleEntityWrapper>