package com.test;

import org.openlegacy.annotations.screen.*;

@ScreenEntity()
@ScreenIdentifiers(identifiers = { 
				@Identifier(row = 4, column = 1, value = "Dallas-Texas"), 
				@Identifier(row = 18, column = 2, value = "Select Local Targets: Develop UAT Production"), 
				@Identifier(row = 19, column = 2, value = "Other  Targets: Development(VM) applid or LOGON APPLID(applid)") 
				})
public class DallasTexas {
    
	
	@ScreenField(row = 21, column = 17, endColumn= 80 ,labelColumn= 1 ,editable= true ,displayName = "Desired Target")
    private String desiredTarget;

    


 
}
