package com.test;

import org.openlegacy.annotations.screen.*;
import org.openlegacy.terminal.actions.TerminalActions;
import org.openlegacy.terminal.actions.TerminalAction.AdditionalKey;
import org.openlegacy.modules.login.Login.LoginEntity;  
import org.openlegacy.modules.login.Login.UserField;  
import org.openlegacy.modules.login.Login.PasswordField;  
import org.openlegacy.modules.login.Login.ErrorField;  

@ScreenEntity(screenType=LoginEntity.class)
@ScreenIdentifiers(identifiers = { 
				@Identifier(row = 3, column = 2, value = "WELCOME TO CICS                                                                "), 
				@Identifier(row = 8, column = 2, value = "Type your userid and password, then press ENTER:                               "), 
				@Identifier(row = 10, column = 11, value = "Userid . . . .") 
				})
@ScreenActions(actions = { 
				@Action(action = TerminalActions.F3.class, displayName = "Exit", alias = "exit") 
				})
public class SignonToCics {
    
	
	@ScreenField(row = 10, column = 26, endColumn= 33 ,labelColumn= 11 ,editable= true ,fieldType=UserField.class ,displayName = "Userid", helpText = "Groupid . . .")
    private String user;
	
	@ScreenField(row = 10, column = 52, endColumn= 59 ,labelColumn= 38 ,editable= true ,displayName = "Groupid")
    private String groupid;
	
	@ScreenField(row = 11, column = 26, endColumn= 33 ,labelColumn= 1 ,password= true ,editable= true ,fieldType=PasswordField.class ,displayName = "")
    private String password;
	
	@ScreenField(row = 12, column = 26, endColumn= 28 ,labelColumn= 11 ,editable= true ,displayName = "Language")
    private String language;
	
	@ScreenField(row = 14, column = 26, endColumn= 33 ,labelColumn= 7 ,editable= true ,displayName = "New Password")
    private String newPassword;
	
	@ScreenField(row = 24, column = 2 ,fieldType=ErrorField.class)
    private String errorMessage;


    


 
}
