<?xml version="1.0" encoding="UTF-8" standalone="yes"?>
<rpc-trail>
    <snapshot>
        <invoke action="READ" rpcPath="rpctest" p2="v2" p1="v1">
            <rpcFields>
                <field value="hello" length="10" modified="true" direction="INPUT" order="0"/>
                <field value="1234" length="5" modified="true" type="java.lang.Integer" direction="OUTPUT" order="1"/>
            </rpcFields>
        </invoke>
        <result>
            <rpcFields>
                <field value="hello" length="10" modified="true" direction="INPUT" order="0"/>
                <field value="1234" length="5" modified="true" type="java.lang.Integer" direction="OUTPUT" order="1"/>
            </rpcFields>
        </result>
    </snapshot>
</rpc-trail>
