{"simpleMenuItem":{"targetEntityName":"MainMenu","menuItems":[{"targetEntityName":"InventoryManagement","menuItems":[{"targetEntityName":"ItemsList","menuItems":[],"displayName":"Items List","targetEntity":"apps.inventory.screens.ItemsList"},{"targetEntityName":"WarehousesList","menuItems":[],"displayName":"Warehouses List","targetEntity":"apps.inventory.screens.WarehousesList"}],"displayName":"Inventory Management","targetEntity":"apps.inventory.screens.InventoryManagement"}],"displayName":"Main Menu","targetEntity":"apps.inventory.screens.MainMenu"}}