<?xml version="1.0" encoding="UTF-8" standalone="yes"?>
<rpc-trail>
    <snapshot sequence="5">
        <invoke rpcPath="/QSYS.LIB/RMR2L1.LIB/ITEMS.PGM">
            <rpcFields>
                <structure order="0" name="Top" isContainer="true">
                    <structure-list order="0" name="innerRecord" legacyContainerName="Top">
                        <record>
                            <field value="0" length="4" modified="true" type="java.lang.Integer" direction="INPUT_OUTPUT" name="ITEM-NUMBER" order="0"/>
                            <field value="" length="16" modified="true" direction="INPUT_OUTPUT" name="ITEM-NAME" order="1"/>
                            <field value="" length="28" modified="true" direction="INPUT_OUTPUT" name="DESCRIPTION" order="2"/>
                        </record>
                        <record>
                            <field value="0" length="4" modified="true" type="java.lang.Integer" direction="INPUT_OUTPUT" name="ITEM-NUMBER" order="0"/>
                            <field value="" length="16" modified="true" direction="INPUT_OUTPUT" name="ITEM-NAME" order="1"/>
                            <field value="" length="28" modified="true" direction="INPUT_OUTPUT" name="DESCRIPTION" order="2"/>
                        </record>
                        <record>
                            <field value="0" length="4" modified="true" type="java.lang.Integer" direction="INPUT_OUTPUT" name="ITEM-NUMBER" order="0"/>
                            <field value="" length="16" modified="true" direction="INPUT_OUTPUT" name="ITEM-NAME" order="1"/>
                            <field value="" length="28" modified="true" direction="INPUT_OUTPUT" name="DESCRIPTION" order="2"/>
                        </record>
                        <record>
                            <field value="0" length="4" modified="true" type="java.lang.Integer" direction="INPUT_OUTPUT" name="ITEM-NUMBER" order="0"/>
                            <field value="" length="16" modified="true" direction="INPUT_OUTPUT" name="ITEM-NAME" order="1"/>
                            <field value="" length="28" modified="true" direction="INPUT_OUTPUT" name="DESCRIPTION" order="2"/>
                        </record>
                        <record>
                            <field value="0" length="4" modified="true" type="java.lang.Integer" direction="INPUT_OUTPUT" name="ITEM-NUMBER" order="0"/>
                            <field value="" length="16" modified="true" direction="INPUT_OUTPUT" name="ITEM-NAME" order="1"/>
                            <field value="" length="28" modified="true" direction="INPUT_OUTPUT" name="DESCRIPTION" order="2"/>
                        </record>
                    </structure-list>
                </structure>
            </rpcFields>
        </invoke>
        <result>
            <rpcFields>
                <structure order="0" name="top" isContainer="true">
                    <structure-list order="0" name="InnerRecord">
                        <record>
                            <field value="1000" length="4" modified="true" type="java.lang.Integer" name="itemNumber" order="0"/>
                            <field value="Kids Guitar" length="16" modified="true" name="itemName" order="1"/>
                            <field value="Kids Guitar - Musical Toys" length="28" modified="true" name="description" order="2"/>
                        </record>
                        <record>
                            <field value="1001" length="4" modified="true" type="java.lang.Integer" name="itemNumber" order="0"/>
                            <field value="Ball Pool" length="16" modified="true" name="itemName" order="1"/>
                            <field value="Ball Pool - Novelty Toys" length="28" modified="true" name="description" order="2"/>
                        </record>
                        <record>
                            <field value="1002" length="4" modified="true" type="java.lang.Integer" name="itemNumber" order="0"/>
                            <field value="Water Ball" length="16" modified="true" name="itemName" order="1"/>
                            <field value="Water Ball - Balls" length="28" modified="true" name="description" order="2"/>
                        </record>
                        <record>
                            <field value="1003" length="4" modified="true" type="java.lang.Integer" name="itemNumber" order="0"/>
                            <field value="Dog Frisbee" length="16" modified="true" name="itemName" order="1"/>
                            <field value="Dog Frisbee - Pet Toys" length="28" modified="true" name="description" order="2"/>
                        </record>
                        <record>
                            <field value="1004" length="4" modified="true" type="java.lang.Integer" name="itemNumber" order="0"/>
                            <field value="Pig Bank" length="16" modified="true" name="itemName" order="1"/>
                            <field value="Pig Saving Bank - Ceramics" length="28" modified="true" name="description" order="2"/>
                        </record>
                    </structure-list>
                </structure>
            </rpcFields>
        </result>
    </snapshot>
</rpc-trail>