<?xml version="1.0" encoding="UTF-8" standalone="yes"?>
<rpc-trail>
    <snapshot>
        <invoke rpcPath="/dir/program_name">
            <field value="John" length="20.0" modified="true" direction="INPUT"/>
            <field value="Doe" length="20.0" modified="true" direction="INPUT"/>
            <field value="40" length="3.0" modified="true" type="java.lang.Integer" direction="INPUT"/>
            <field value="" length="100.0" modified="true" direction="OUTPUT"/>
        </invoke>
        <result>
            <field value="hello" length="10.0" modified="true"/>
            <field value="1234" length="5.0" modified="true" type="java.lang.Integer"/>
        </result>
    </snapshot>
</rpc-trail>