<?xml version="1.0" encoding="UTF-8" standalone="yes"?>
<rpc-trail>
    <snapshot sequence="1" entityName="RpcDummyEntity">
        <invoke rpcPath="/dir/program_name">
            <rpcFields>
                <field value="John" length="20" modified="true" direction="INPUT" name="firstName" order="0"/>
                <field value="Doe" length="20" modified="true" direction="INPUT" name="lastName" order="1"/>
                <field value="40" length="4" modified="true" type="java.lang.Integer" direction="INPUT" name="age" order="2"/>
                <field length="100" direction="OUTPUT" name="message" order="3"/>
                <structure order="4" name="dummyPart">
                    <field value="" length="20" modified="true" direction="OUTPUT" name="partName" order="0"/>
                </structure>
            </rpcFields>
        </invoke>
        <result>
            <rpcFields>
                <field value="John" length="20" direction="INPUT" name="firstName" order="0"/>
                <field value="Doe" length="20" direction="INPUT" name="lastName" order="1"/>
                <field value="40" length="4" type="java.lang.Integer" direction="INPUT" name="age" order="2"/>
                <field value="My name is John Doe" length="100" direction="OUTPUT" name="message" order="3"/>
                <structure order="4" name="dummyPart">
                    <field value="Dummy Part" length="20" name="partName" order="0"/>
                </structure>
            </rpcFields>
        </result>
    </snapshot>
</rpc-trail>
