<?xml version="1.0" encoding="UTF-8" standalone="yes"?>
<rpc-trail>
    <snapshot>
        <invoke rpcPath="/dir/program_name">
            <rpcFields>
                <field value="John" length="20" decimalPlaces="0" modified="true" direction="INPUT"/>
                <structure>
                    <children/>
                </structure>
                <field value="Doe" length="20" decimalPlaces="0" modified="true" direction="INPUT"/>
                <field value="40" length="3" decimalPlaces="0" modified="true" type="java.lang.Integer" direction="INPUT"/>
            </rpcFields>
        </invoke>
        <result>
            <rpcFields>
                <field value="hello" length="10" modified="true"/>
                <field value="1234" length="5" modified="true" type="java.lang.Integer"/>
            </rpcFields>
        </result>
    </snapshot>
</rpc-trail>
