package test.com;

import java.math.BigInteger;
import java.util.List;

import org.openlegacy.annotations.rpc.*;
import org.openlegacy.FieldType.*;
import org.openlegacy.rpc.RpcActions.*;

@RpcNavigation(category = "menuNavigation")
@RpcEntity(name="As400sample")
@RpcActions(actions = { 
				@Action(action = READ.class, path = "/root/path", displayName = "Read", alias = "read") 
				})

public class As400sample {

		private Param1 param1 = new Param1();

	@RpcPart(name="Param1")
	public static class Param1 {

		@RpcNumericField(minimumValue=-99, maximumValue=99, decimalPlaces=0)
		@RpcField(length = 2, originalName = "CHILD1")
		private Integer child1;

		@RpcNumericField(minimumValue=-99, maximumValue=99, decimalPlaces=0)
		@RpcField(length = 2, originalName = "CHILD2")
		private Integer child2;

	}
}