<jsp:root xmlns:jsp="http://java.sun.com/JSP/Page"
	xmlns:ol="urn:jsptagdir:/WEB-INF/tags/web" 
	version="2.0">
	<jsp:directive.page contentType="text/html;charset=UTF-8" pageEncoding="UTF-8" /> 
	<jsp:output omit-xml-declaration="yes" />
	
	<ol:form model="itemDetails">
		<ol:pagePart title="ItemDetails">
	<ol:field name="itemNum" />
		</ol:pagePart>
		<ol:pagePart title="ItemRecord">
	<ol:field name="itemRecord.itemName" />
	<ol:field name="itemRecord.description" />
	<ol:field name="itemRecord.weight" />
			</ol:pagePart>
			<ol:pagePart title="Shipping">
	<ol:field name="shipping.shippingMethod" />
	<ol:field name="shipping.days" />
			</ol:pagePart>
	</ol:form>
</jsp:root>