package org.openlegacy.designtime.rpc.generators.mock.web;

import org.openlegacy.designtime.rpc.generators.mock.Items;
import org.openlegacy.rpc.RpcActions;
import org.openlegacy.rpc.RpcEntity;
import org.openlegacy.rpc.RpcSession;
import org.springframework.stereotype.Controller;
import org.springframework.ui.Model;
import org.springframework.web.bind.annotation.PathVariable;
import org.springframework.web.bind.annotation.RequestMapping;
import org.springframework.web.bind.annotation.RequestMethod;
import javax.inject.Inject;
import org.springframework.web.bind.annotation.ResponseBody;
import org.apache.commons.io.IOUtils;
import javax.servlet.http.HttpServletRequest;
import java.io.IOException;
import java.net.URL;

/**
 * Handles requests for RPC Items
 */

@Controller
@RequestMapping("/Items")
public class ItemsController {

	@Inject
	private RpcSession rpcSession;

	@RequestMapping(value = "/help")
	public @ResponseBody
	String help(HttpServletRequest request) throws IOException {
		URL resource = request.getSession().getServletContext().getResource("/help/Items.html");
		return IOUtils.toString(resource.openStream());
	}

	@RequestMapping( method = RequestMethod.GET)
	public String show(Model uiModel) {

		Items items = rpcSession.getEntity(Items.class);
		uiModel.addAttribute("items", items);
		return "Items";
	}
}
