<html>
<head>
<style>
.help label {
	font-weight: bold;
}

.help div {
	margin-bottom: 5px;
}
</style>
</head>
<body>
	<h1> Item Details</h1>

	<div class="help">
	<p>Description for Item Details</p>
	
	<div>
			<label>Item Num:</label><span>Description for Item Num</span>
	</div>	
	<div>
			<label>Item Record:</label>
			<span>
				<a href="#itemRecord">
					Description for Item Record
				</a>
			</span>			
	</div>	
	<div>
			<label>Shipping:</label>
			<span>
				<a href="#shipping">
					Description for Shipping
				</a>
			</span>			
	</div>	

    <br>
	<hr>
	<div>
	<a id="itemRecord"><h3> Item Record</h3></a>
	<div>
			<label>Item Name:</label><span>Description for Item Name</span>
	</div>	
	<div>
			<label>Description:</label><span>Description for Description</span>
	</div>	
	<div>
			<label>Weight:</label><span>Description for Weight</span>
	</div>	
	<div>
    <br>
	<hr>
	<div>
	<a id="shipping"><h3> Shipping</h3></a>
	<div>
			<label>Shipping Method:</label><span>Description for Shipping Method</span>
	</div>	
	<div>
			<label>Days:</label><span>Description for Days</span>
	</div>	
	<div>
	
	</div>
</body>
</html>