package test.com;

import java.math.BigInteger;
import java.util.List;

import org.openlegacy.annotations.rpc.*;
import org.openlegacy.FieldType.*;
import org.openlegacy.rpc.RpcActions.*;

@RpcNavigation(category = "menuNavigation")
@RpcEntity(name="Mixed")
@RpcActions(actions = { 
				@Action(action = READ.class, path = "/root/path", displayName = "Read", alias = "read") 
				})
public class Mixed {

		@RpcField(length = 10, originalName = "VAR1")
		private String var1;

		private Struct1 struct1 = new Struct1();
		@RpcField(length = 10, originalName = "VAR2")
		private String var2;

		private Struct2 struct2 = new Struct2();

	@RpcPart(name="Struct1")
	public static class Struct1 {

		@RpcField(length = 10, originalName = "CHILD1")
		private String child1;

		@RpcField(length = 10, originalName = "CHILD2")
		private String child2;

	}
	@RpcPart(name="Struct2")
	public static class Struct2 {

		@RpcField(length = 10, originalName = "CHILD3")
		private String child3;

		@RpcField(length = 10, originalName = "CHILD4")
		private String child4;

	}
}
