package test.com;

import java.math.BigInteger;
import java.util.List;

import org.openlegacy.annotations.rpc.*;
import org.openlegacy.FieldType.*;

@RpcEntity(name="SampprogExpand")

public class SampprogExpand {

   private Dfhcommarea dfhcommarea;
   @RpcPart(partName="Dfhcommarea")
   public static class Dfhcommarea {

   private CmVars cmVars;
   @RpcPart(partName="CmVars")
   public static class CmVars {

   @RpcField(length =20, originalName="CM-MYVAR")
   private String cmMyvar;

   @RpcNumericField(minimumValue=-999999999, maximumValue=999999999, decimalPlaces=0)
   @RpcField(length =9, originalName="CM-OTHER-VAR")
   private Integer cmOtherVar;

   @RpcField(length =1, originalName="CM-ANOTHER-VAR")
   private String cmAnotherVar;

  }
  }
}
