package com.test;

import org.openlegacy.annotations.screen.*;
import org.openlegacy.terminal.actions.TerminalActions;
import org.openlegacy.terminal.actions.TerminalAction.AdditionalKey;

@ScreenEntity(displayName=" כניסה למערכת הזמנות לקוח / רשתות שיווק ")
@ScreenIdentifiers(identifiers = { 
				@Identifier(row = 3, column = 22, value = " קוויש תותשר / חוקל תונמזה תכרעמל הסינכ "), 
				@Identifier(row = 4, column = 71, value = "QPADEV001 "), 
				@Identifier(row = 7, column = 34, value = "        מ"עב קוויש תותשר חנימע") 
				})
@ScreenActions(actions = { 
				@Action(action = TerminalActions.F3.class, displayName = "סיום", alias = "siom"), 
				@Action(action = TerminalActions.F10.class, displayName = "חלון", alias = "hlon") 
				})
@ScreenNavigation(accessedFrom = TpritHnoiotRasi.class 
					, terminalAction=TerminalActions.ENTER.class 
					, assignedFields = { 
					@AssignedField(field = "menuSelection", value = "1")
					 }						
					)
public class CniseLmarctEzmnotLkohRstotSiook {
    
	
	@ScreenField(row = 7, column = 68, endColumn= 69 ,labelColumn= 71 ,editable= true ,displayName = "קבוצה", sampleValue = "AA")
    private String kboce;
	
	@ScreenField(row = 9, column = 68, endColumn= 69 ,labelColumn= 71 ,editable= true ,displayName = "רשת", sampleValue = "01")
    private Integer rst;
	
	@ScreenField(row = 11, column = 68, endColumn= 69 ,labelColumn= 71 ,editable= true ,displayName = "חנות", sampleValue = "01")
    private Integer hnot;
	
	@ScreenField(row = 13, column = 66, endColumn= 69 ,labelColumn= 71 ,editable= true ,displayName = "מוכרן", sampleValue = "7778")
    private Integer mocrn;

    private EkmeThzokEzmnotLkoh ekmeThzokEzmnotLkoh;
    


 
}
